node.exe : npm warn Unknown project config "public-hoist-pattern". This will stop working in 
the next major version of npm.
No C:\Program Files\nodejs\npx.ps1:29 caractere:3
+   & $NODE_EXE $NPX_CLI_JS $args
+   ~~~~~~~~~~~~~~~~~~~~~~~~~~~~~
    + CategoryInfo          : NotSpecified: (npm warn Unknow...version of npm.:String) [], Re 
   moteException
    + FullyQualifiedErrorId : NativeCommandError
 
[36mvite v8.0.7 [32mbuilding client environment for production...[36m[39m
[plugin @laravel/vite-plugin-wayfinder] Types generated for actions, routes, form variants
[2K
transforming...Ô£ô 2493 modules transformed.
[31mÔ£ù[39m Build failed in 47.58s
[31merror during build:
[31mBuild failed with 1 error:

[plugin @tailwindcss/vite:generate:build] D:/Projetos/t2r-novo/resources/css/app.css
Error: Cannot apply unknown utility class `glass-card`
    at onInvalidCandidate 
(file:///D:/Projetos/t2r-novo/node_modules/tailwindcss/dist/chunk-F4544Y4M.mjs:21:1511)
    at $e 
(file:///D:/Projetos/t2r-novo/node_modules/tailwindcss/dist/chunk-F4544Y4M.mjs:16:36740)
    at file:///D:/Projetos/t2r-novo/node_modules/tailwindcss/dist/chunk-F4544Y4M.mjs:21:355
    at Cr 
(file:///D:/Projetos/t2r-novo/node_modules/tailwindcss/dist/chunk-F4544Y4M.mjs:3:1733)
    at _ 
(file:///D:/Projetos/t2r-novo/node_modules/tailwindcss/dist/chunk-F4544Y4M.mjs:3:1377)
    at Ce 
(file:///D:/Projetos/t2r-novo/node_modules/tailwindcss/dist/chunk-F4544Y4M.mjs:21:172)
    at Zi 
(file:///D:/Projetos/t2r-novo/node_modules/tailwindcss/dist/chunk-F4544Y4M.mjs:38:294)
    at async ua 
(file:///D:/Projetos/t2r-novo/node_modules/tailwindcss/dist/chunk-F4544Y4M.mjs:38:631)
    at async yf 
(file:///D:/Projetos/t2r-novo/node_modules/tailwindcss/dist/chunk-F4544Y4M.mjs:38:1406)
    at async uu 
(file:///D:/Projetos/t2r-novo/node_modules/@tailwindcss/node/dist/index.mjs:10:3457)
    at async B.generate 
(file:///D:/Projetos/t2r-novo/node_modules/@tailwindcss/vite/dist/index.mjs:1:5236)
    at async TransformPluginContextImpl.handler 
(file:///D:/Projetos/t2r-novo/node_modules/@tailwindcss/vite/dist/index.mjs:1:3957)
    at async plugin (file:///D:/Projetos/t2r-novo/node_modules/rolldown/dist/shared/bindingify
-input-options-4E8MEYg4.mjs:1172:16)
    at async plugin.<computed> (file:///D:/Projetos/t2r-novo/node_modules/rolldown/dist/shared
/bindingify-input-options-4E8MEYg4.mjs:1636:12)[31m
    at aggregateBindingErrorsIntoJsError 
(file:///D:/Projetos/t2r-novo/node_modules/rolldown/dist/shared/error-DBGOT6sf.mjs:48:18)
    at unwrapBindingResult 
(file:///D:/Projetos/t2r-novo/node_modules/rolldown/dist/shared/error-DBGOT6sf.mjs:18:128)
    at #build (file:///D:/Projetos/t2r-novo/node_modules/rolldown/dist/shared/rolldown-build-h
Rnqgxyz.mjs:3313:34)
    at async buildEnvironment 
(file:///D:/Projetos/t2r-novo/node_modules/vite/dist/node/chunks/node.js:32954:64)
    at async Object.build 
(file:///D:/Projetos/t2r-novo/node_modules/vite/dist/node/chunks/node.js:33376:19)
    at async Object.buildApp 
(file:///D:/Projetos/t2r-novo/node_modules/vite/dist/node/chunks/node.js:33373:153)
    at async CAC.<anonymous> 
(file:///D:/Projetos/t2r-novo/node_modules/vite/dist/node/cli.js:778:3) {
  errors: [Getter/Setter]
}[39m
